[Licensing::Module] Trying to connect to existing licensing client channel...
[Licensing::IpcConnector] Successfully connected to: "LicenseClient-Knightblazer" at "2026-02-10T15:59:22.9114885Z"
Built from '6000.3/staging' branch; Version is '6000.3.7f1 (696ec25a53d1) revision 6909634'; Using compiler version '194234433'; Build Type 'Release'
OS: 'Windows 11  (10.0.26200) Core' Language: 'en' Physical Memory: 32508 MB
BatchMode: 1, IsHumanControllingUs: 0, StartBugReporterOnCrash: 0, Is64bit: 1
System  architecture: x64
Process architecture: x64
Date: 2026-02-10T15:59:22Z

COMMAND LINE ARGUMENTS:
D:\Unity\6000.3.7f1\Editor\Unity.exe
-adb2
-batchMode
-noUpm
-name
AssetImportWorker3
-projectPath
D:/Work/HalcyonDays
-logFile
Logs/AssetImportWorker3.log
-srvPort
62919
-licensingIpc
LicenseClient-Knightblazer
-job-worker-count
9
-background-job-worker-count
8
-gc-helper-count
1
-name
AssetImport
Successfully changed project path to: D:/Work/HalcyonDays
D:/Work/HalcyonDays
[UnityMemory] Configuration Parameters - Can be set up in boot.config
    "memorysetup-temp-allocator-size-nav-mesh-worker=65536"
    "memorysetup-temp-allocator-size-audio-worker=65536"
    "memorysetup-temp-allocator-size-gfx=262144"
    "memorysetup-allocator-temp-initial-block-size-main=262144"
    "memorysetup-allocator-temp-initial-block-size-worker=262144"
    "memorysetup-temp-allocator-size-background-worker=32768"
    "memorysetup-temp-allocator-size-job-worker=262144"
    "memorysetup-temp-allocator-size-preload-manager=33554432"
    "memorysetup-temp-allocator-size-gi-baking-worker=262144"
    "memorysetup-temp-allocator-size-gi-baking-worker=262144"
    "memorysetup-temp-allocator-size-gi-baking-worker=262144"
    "memorysetup-temp-allocator-size-gi-baking-worker=262144"
    "memorysetup-temp-allocator-size-gi-baking-worker=262144"
    "memorysetup-bucket-allocator-granularity=16"
    "memorysetup-bucket-allocator-bucket-count=8"
    "memorysetup-bucket-allocator-block-size=33554432"
    "memorysetup-bucket-allocator-block-count=8"
    "memorysetup-main-allocator-block-size=16777216"
    "memorysetup-thread-allocator-block-size=16777216"
    "memorysetup-gfx-main-allocator-block-size=16777216"
    "memorysetup-gfx-thread-allocator-block-size=16777216"
    "memorysetup-cache-allocator-block-size=4194304"
    "memorysetup-typetree-allocator-block-size=2097152"
    "memorysetup-profiler-bucket-allocator-granularity=16"
    "memorysetup-profiler-bucket-allocator-bucket-count=8"
    "memorysetup-profiler-bucket-allocator-block-size=33554432"
    "memorysetup-profiler-bucket-allocator-block-count=8"
    "memorysetup-profiler-allocator-block-size=16777216"
    "memorysetup-profiler-editor-allocator-block-size=1048576"
    "memorysetup-temp-allocator-size-main=16777216"
    "memorysetup-job-temp-allocator-block-size=2097152"
    "memorysetup-job-temp-allocator-block-size-background=1048576"
    "memorysetup-job-temp-allocator-reduction-small-platforms=262144"
    "memorysetup-temp-allocator-size-cloud-worker=32768"
Player connection [21344]  Target information:

Player connection [21344]  * "[IP] 192.168.1.117 [Port] 0 [Flags] 2 [Guid] 2263850547 [EditorId] 2263850547 [Version] 1048832 [Id] WindowsEditor(7,TASOGAREIKA) [Debug] 1 [PackageName] WindowsEditor [ProjectName] Editor" 

Player connection [21344] Host joined multi-casting on [225.0.0.222:54997]...
Player connection [21344] Host joined alternative multi-casting on [225.0.0.222:34997]...
JobSystem: Creating JobQueue using job-worker-count value 9
Input System module state changed to: Initialized.
[Physics::Module] Initialized fallback backend.
[Physics::Module] Id: 0xdecafbad
Library Redirect Path: Library/
[Physics::Module] Selected backend.
[Physics::Module] Name: PhysX
[Physics::Module] Id: 0xf2b8ea05
[Physics::Module] SDK Version: 4.1.2
[Physics::Module] Integration Version: 1.0.0
[Physics::Module] Threading Mode: Multi-Threaded
Refreshing native plugins compatible for Editor in 2.16 ms, found 2 plugins.
Preloading 0 native plugins for Editor in 0.00 ms.
Initialize engine version: 6000.3.7f1 (696ec25a53d1)
[Subsystems] Discovering subsystems at path D:/Unity/6000.3.7f1/Editor/Data/Resources/UnitySubsystems
[Subsystems] Discovering subsystems at path D:/Work/HalcyonDays/Assets
GfxDevice: creating device client; kGfxThreadingModeNonThreaded
Direct3D:
    Version:  Direct3D 11.0 [level 11.1]
    Renderer: NVIDIA GeForce RTX 3060 Laptop GPU (ID=0x2520)
    Vendor:   NVIDIA
    VRAM:     5994 MB
    Driver:   32.0.15.9186
Shader 'TextMeshPro/Distance Field': fallback shader 'TextMeshPro/Mobile/Distance Field' not found
Shader 'TextMeshPro/Distance Field Overlay': fallback shader 'TextMeshPro/Mobile/Distance Field' not found
Initialize mono
Mono path[0] = 'D:/Unity/6000.3.7f1/Editor/Data/Managed'
Mono path[1] = 'D:/Unity/6000.3.7f1/Editor/Data/MonoBleedingEdge/lib/mono/unityjit-win32'
Mono config path = 'D:/Unity/6000.3.7f1/Editor/Data/MonoBleedingEdge/etc'
Using monoOptions --debugger-agent=transport=dt_socket,embedding=1,server=y,suspend=n,address=127.0.0.1:56516
Begin MonoManager ReloadAssembly
Registering precompiled unity dll's ...
Register platform support module: D:/Unity/6000.3.7f1/Editor/Data/PlaybackEngines/WebGLSupport/UnityEditor.WebGL.Extensions.dll
Register platform support module: D:/Unity/6000.3.7f1/Editor/Data/PlaybackEngines/WindowsStandaloneSupport/UnityEditor.WindowsStandalone.Extensions.dll
[Licensing::Module] Licensing is not yet initialized.
[Licensing::Client] Handshaking with LicensingClient:
  Version:                 1.17.4+4293ba1
  Session Id:              5deb7774e8c94691abad837a97a50bb6
  Correlation Id:          3079ccff520373c340fb1a60f4529583
  External correlation Id: 8754311256617960115
  Machine Id:              i7CNSC4Wu4Naop9ZhdKjH6RN0wA=
[Licensing::Module] Successfully connected to LicensingClient on channel: "LicenseClient-Knightblazer" (connect: 0.00s, validation: 0.00s, handshake: 2.95s)
[Licensing::IpcConnector] Successfully connected to: "LicenseClient-Knightblazer-notifications" at "2026-02-10T15:59:25.8614417Z"
[Licensing::Module] Licensing Background thread has ended after 2.95s
[Licensing::Module] Licensing is initialized (took 0.16s).
[Licensing::Client] Successfully resolved entitlement details
[Licensing::Module] License group:
  Id: F4-26H5-54MS-U56S-57DQ-XXXX
  Product: Unity Personal
  Type: ULF
  Expiration: 2026-03-19T16:50:41Z
[Licensing::Module] License group:
  Id: 18966730168655-UnityPersXXXX
  Product: Unity Personal
  Type: Assigned
  Expiration: Unlimited
Register platform support module: D:/Unity/6000.3.7f1/Editor/Data/PlaybackEngines/MetroSupport/UnityEditor.UWP.Extensions.dll
[Licensing::Client] Successfully resolved entitlement details
[Licensing::Module] License group:
  Id: F4-26H5-54MS-U56S-57DQ-XXXX
  Product: Unity Personal
  Type: ULF
  Expiration: 2026-03-19T16:50:41Z
[Licensing::Module] License group:
  Id: 18966730168655-UnityPersXXXX
  Product: Unity Personal
  Type: Assigned
  Expiration: Unlimited
Register platform support module: D:/Unity/6000.3.7f1/Editor/Data/PlaybackEngines/AndroidPlayer/UnityEditor.Android.Extensions.dll
Registered in 0.172392 seconds.
- Loaded All Assemblies, in  1.462 seconds
Native extension for Android target not found
Android Extension - Scanning For ADB Devices 907 ms
Native extension for UWP target not found
Native extension for WindowsStandalone target not found
Native extension for WebGL target not found
ScheduleIndexationOnStartup MainProcess:False IndexOnStartup:True
Mono: successfully reloaded assembly
- Finished resetting the current domain, in  2.523 seconds
Domain Reload Profiling: 3985ms
	BeginReloadAssembly (445ms)
		ExecutionOrderSort (0ms)
		DisableScriptedObjects (0ms)
		BackupInstance (0ms)
		ReleaseScriptingObjects (0ms)
		CreateAndSetChildDomain (2ms)
	RebuildCommonClasses (132ms)
	RebuildNativeTypeToScriptingClass (46ms)
	initialDomainReloadingComplete (301ms)
	LoadAllAssembliesAndSetupDomain (537ms)
		LoadAssemblies (444ms)
		RebuildTransferFunctionScriptingTraits (0ms)
		AnalyzeDomain (524ms)
			TypeCache.Refresh (519ms)
				TypeCache.ScanAssembly (485ms)
			BuildScriptInfoCaches (0ms)
			ResolveRequiredComponents (1ms)
	FinalizeReload (2524ms)
		ReleaseScriptCaches (0ms)
		RebuildScriptCaches (0ms)
		SetupLoadedEditorAssemblies (2401ms)
			LogAssemblyErrors (0ms)
			InitializePlatformSupportModulesInManaged (1294ms)
			SetLoadedEditorAssemblies (11ms)
			BeforeProcessingInitializeOnLoad (340ms)
			ProcessInitializeOnLoadAttributes (591ms)
			ProcessInitializeOnLoadMethodAttributes (165ms)
			AfterProcessingInitializeOnLoad (0ms)
			EditorAssembliesLoaded (0ms)
		ExecutionOrderSort2 (0ms)
		AwakeInstancesAfterBackupRestoration (0ms)
========================================================================
Worker process is ready to serve import requests
Import Worker Mode flag is 0x00
Begin MonoManager ReloadAssembly
[Licensing::Client] Successfully resolved entitlement details
[Licensing::Module] License group:
  Id: F4-26H5-54MS-U56S-57DQ-XXXX
  Product: Unity Personal
  Type: ULF
  Expiration: 2026-03-19T16:50:41Z
[Licensing::Module] License group:
  Id: 18966730168655-UnityPersXXXX
  Product: Unity Personal
  Type: Assigned
  Expiration: Unlimited
Symbol file LoadedFromMemory is not a mono symbol file
- Loaded All Assemblies, in  1.688 seconds
Refreshing native plugins compatible for Editor in 2.00 ms, found 2 plugins.
Native extension for Android target not found
Native extension for UWP target not found
Native extension for WindowsStandalone target not found
Native extension for WebGL target not found
Refreshing native plugins compatible for Editor in 1.80 ms, found 2 plugins.
Package Manager log level set to [2]
[Package Manager] Failed to launch server process. Reason: Unity was launched with the -noUpm command-line argument
[Package Manager] Unable to send message (not connected to server process).
[Package Manager] Cannot connect to Unity Package Manager local server
ScheduleIndexationOnStartup MainProcess:False IndexOnStartup:True
Mono: successfully reloaded assembly
- Finished resetting the current domain, in  1.575 seconds
Domain Reload Profiling: 3262ms
	BeginReloadAssembly (555ms)
		ExecutionOrderSort (0ms)
		DisableScriptedObjects (19ms)
		BackupInstance (0ms)
		ReleaseScriptingObjects (0ms)
		CreateAndSetChildDomain (82ms)
	RebuildCommonClasses (122ms)
	RebuildNativeTypeToScriptingClass (43ms)
	initialDomainReloadingComplete (68ms)
	LoadAllAssembliesAndSetupDomain (898ms)
		LoadAssemblies (856ms)
		RebuildTransferFunctionScriptingTraits (0ms)
		AnalyzeDomain (368ms)
			TypeCache.Refresh (283ms)
				TypeCache.ScanAssembly (247ms)
			BuildScriptInfoCaches (71ms)
			ResolveRequiredComponents (7ms)
	FinalizeReload (1576ms)
		ReleaseScriptCaches (0ms)
		RebuildScriptCaches (0ms)
		SetupLoadedEditorAssemblies (1295ms)
			LogAssemblyErrors (0ms)
			InitializePlatformSupportModulesInManaged (65ms)
			SetLoadedEditorAssemblies (10ms)
			BeforeProcessingInitializeOnLoad (348ms)
			ProcessInitializeOnLoadAttributes (723ms)
			ProcessInitializeOnLoadMethodAttributes (144ms)
			AfterProcessingInitializeOnLoad (4ms)
			EditorAssembliesLoaded (0ms)
		ExecutionOrderSort2 (0ms)
		AwakeInstancesAfterBackupRestoration (17ms)
Launched and connected shader compiler UnityShaderCompiler.exe after 0.06 seconds
Refreshing native plugins compatible for Editor in 3.56 ms, found 2 plugins.
Preloading 0 native plugins for Editor in 0.00 ms.
Unloading 0 Unused Serialized files (Serialized files now loaded: 0)
Unloading 2497 unused Assets / (0.8 MB). Loaded Objects now: 3108.
Memory consumption went from 84.6 MB to 83.8 MB.
Total: 26.174200 ms (FindLiveObjects: 0.760100 ms CreateObjectMapping: 0.598400 ms MarkObjects: 22.387000 ms  DeleteObjects: 2.425600 ms)

========================================================================
Received Import Request.
  Time since last request: 11103.555101 seconds.
  path: Assets/Resources/Final01.jpg
  artifactKey: Guid(946469c08c034e7429511085d2960446) Importer(2089858483,b0f066a214c2f5e87bad3c948f4d605d)
Start importing Assets/Resources/Final01.jpg using Guid(946469c08c034e7429511085d2960446) Importer(2089858483,b0f066a214c2f5e87bad3c948f4d605d) (ScriptedImporter) -> (artifact id: '747d6b1de26098b54728ac6e6afea0d2') in 0.3992995 seconds
Number of updated asset objects reloaded before import = 0Number of asset objects unloaded after import = 1

========================================================================
Received Import Request.
  Time since last request: 0.000034 seconds.
  path: Assets/Backgrounds/BathroomBG.jpg
  artifactKey: Guid(c6c0c8bf63252da4cbaf683e3d02535b) Importer(2089858483,b0f066a214c2f5e87bad3c948f4d605d)
Start importing Assets/Backgrounds/BathroomBG.jpg using Guid(c6c0c8bf63252da4cbaf683e3d02535b) Importer(2089858483,b0f066a214c2f5e87bad3c948f4d605d) (ScriptedImporter) -> (artifact id: 'aec4b1397c7ef0c9dbe98086662282c7') in 0.0482629 seconds
Number of updated asset objects reloaded before import = 0Number of asset objects unloaded after import = 3

========================================================================
Received Import Request.
  Time since last request: 0.000137 seconds.
  path: Assets/UI/LEDRing2.png
  artifactKey: Guid(842ca8a91ed8fe543a1538e50c85c843) Importer(2089858483,b0f066a214c2f5e87bad3c948f4d605d)
Start importing Assets/UI/LEDRing2.png using Guid(842ca8a91ed8fe543a1538e50c85c843) Importer(2089858483,b0f066a214c2f5e87bad3c948f4d605d) (ScriptedImporter) -> (artifact id: 'c2d1399d0bc700eceab7c498eb01f2e0') in 0.0263686 seconds
Number of updated asset objects reloaded before import = 0Number of asset objects unloaded after import = 3

========================================================================
Received Import Request.
  Time since last request: 0.000034 seconds.
  path: Assets/UI/LEDRing.png
  artifactKey: Guid(4118a2a123491d3409d9873ee10f6128) Importer(2089858483,b0f066a214c2f5e87bad3c948f4d605d)
Start importing Assets/UI/LEDRing.png using Guid(4118a2a123491d3409d9873ee10f6128) Importer(2089858483,b0f066a214c2f5e87bad3c948f4d605d) (ScriptedImporter) -> (artifact id: '904198e1f5cde295f70218438d6dd99f') in 0.0172703 seconds
Number of updated asset objects reloaded before import = 0Number of asset objects unloaded after import = 3

========================================================================
Received Import Request.
  Time since last request: 0.000049 seconds.
  path: Assets/Audio/[SFX] Anime_Stomach_Growl_Sound_2.mp3
  artifactKey: Guid(fa6359ed11de727458802f4be62f90f3) Importer(2089858483,b0f066a214c2f5e87bad3c948f4d605d)
Start importing Assets/Audio/[SFX] Anime_Stomach_Growl_Sound_2.mp3 using Guid(fa6359ed11de727458802f4be62f90f3) Importer(2089858483,b0f066a214c2f5e87bad3c948f4d605d) (ScriptedImporter) -> (artifact id: '52d469e203930765b88166c65ac0698f') in 0.0379268 seconds
Number of updated asset objects reloaded before import = 0Number of asset objects unloaded after import = 1

========================================================================
Received Import Request.
  Time since last request: 0.000124 seconds.
  path: Assets/Resources/wp.png
  artifactKey: Guid(37c0fdf7d496af44e9f1329c97256248) Importer(2089858483,b0f066a214c2f5e87bad3c948f4d605d)
Start importing Assets/Resources/wp.png using Guid(37c0fdf7d496af44e9f1329c97256248) Importer(2089858483,b0f066a214c2f5e87bad3c948f4d605d) (ScriptedImporter) -> (artifact id: 'a4d4617558a7da21f71ac6f27b846de3') in 0.0203509 seconds
Number of updated asset objects reloaded before import = 0Number of asset objects unloaded after import = 1

========================================================================
Received Import Request.
  Time since last request: 0.000135 seconds.
  path: Assets/Audio/[SFX] Walking Footsteps On Carpet Sound Effect Version 1 - HQ Sounds.mp3
  artifactKey: Guid(fcfd007282c70b841a7a0347a595dbca) Importer(2089858483,b0f066a214c2f5e87bad3c948f4d605d)
Start importing Assets/Audio/[SFX] Walking Footsteps On Carpet Sound Effect Version 1 - HQ Sounds.mp3 using Guid(fcfd007282c70b841a7a0347a595dbca) Importer(2089858483,b0f066a214c2f5e87bad3c948f4d605d) (ScriptedImporter) -> (artifact id: 'dda42b72399302dec3d974caac2145a3') in 0.0591139 seconds
Number of updated asset objects reloaded before import = 0Number of asset objects unloaded after import = 1

========================================================================
Received Import Request.
  Time since last request: 0.000170 seconds.
  path: Assets/Animations/TextBoxOpen.anim
  artifactKey: Guid(4046e44b363995946bc1ef2bb970b258) Importer(2089858483,b0f066a214c2f5e87bad3c948f4d605d)
Start importing Assets/Animations/TextBoxOpen.anim using Guid(4046e44b363995946bc1ef2bb970b258) Importer(2089858483,b0f066a214c2f5e87bad3c948f4d605d) (ScriptedImporter) -> (artifact id: '237cab6247a333b5d5514bc2814b9ef2') in 0.0202445 seconds
Number of updated asset objects reloaded before import = 0Number of asset objects unloaded after import = 1

========================================================================
Received Import Request.
  Time since last request: 0.000206 seconds.
  path: Assets/UI/KitchenBtnHover.png
  artifactKey: Guid(06bafc04d7ff6dc4b83b17e0ba2d62bb) Importer(2089858483,b0f066a214c2f5e87bad3c948f4d605d)
Start importing Assets/UI/KitchenBtnHover.png using Guid(06bafc04d7ff6dc4b83b17e0ba2d62bb) Importer(2089858483,b0f066a214c2f5e87bad3c948f4d605d) (ScriptedImporter) -> (artifact id: '3248489c922441df3ea023c1ed6eabfa') in 0.0155452 seconds
Number of updated asset objects reloaded before import = 0Number of asset objects unloaded after import = 3

========================================================================
Received Import Request.
  Time since last request: 0.000043 seconds.
  path: Assets/Scripts/ExtendedStandaloneInputModule.cs
  artifactKey: Guid(c2f2ecb59e6d57e409208e4c8550f336) Importer(2089858483,b0f066a214c2f5e87bad3c948f4d605d)
Start importing Assets/Scripts/ExtendedStandaloneInputModule.cs using Guid(c2f2ecb59e6d57e409208e4c8550f336) Importer(2089858483,b0f066a214c2f5e87bad3c948f4d605d) (ScriptedImporter) -> (artifact id: '175ddccf82d50fcf0c0674d2eebf87a2') in 0.0056547 seconds
Number of updated asset objects reloaded before import = 0Number of asset objects unloaded after import = 0

========================================================================
Received Import Request.
  Time since last request: 0.000276 seconds.
  path: Assets/Backgrounds/KitchenBG.jpg
  artifactKey: Guid(593794b18d93d4b4591a91db74360dfe) Importer(2089858483,b0f066a214c2f5e87bad3c948f4d605d)
Start importing Assets/Backgrounds/KitchenBG.jpg using Guid(593794b18d93d4b4591a91db74360dfe) Importer(2089858483,b0f066a214c2f5e87bad3c948f4d605d) (ScriptedImporter) -> (artifact id: 'a93ca432d02fcc3567d16baa7391ba95') in 0.0154576 seconds
Number of updated asset objects reloaded before import = 0Number of asset objects unloaded after import = 3

========================================================================
Received Import Request.
  Time since last request: 0.000035 seconds.
  path: Assets/Backgrounds/BlackoutBG.png
  artifactKey: Guid(7f7f91c1be51b5140b7e0cfd16d386cf) Importer(2089858483,b0f066a214c2f5e87bad3c948f4d605d)
Start importing Assets/Backgrounds/BlackoutBG.png using Guid(7f7f91c1be51b5140b7e0cfd16d386cf) Importer(2089858483,b0f066a214c2f5e87bad3c948f4d605d) (ScriptedImporter) -> (artifact id: 'c7c733fd4435f033e5918af58b363555') in 0.0143831 seconds
Number of updated asset objects reloaded before import = 0Number of asset objects unloaded after import = 3

========================================================================
Received Import Request.
  Time since last request: 0.000192 seconds.
  path: Assets/Scenes/DemoCredits.unity
  artifactKey: Guid(89bbca3aab3f33c42a4ff1e3a5c442a6) Importer(2089858483,b0f066a214c2f5e87bad3c948f4d605d)
Start importing Assets/Scenes/DemoCredits.unity using Guid(89bbca3aab3f33c42a4ff1e3a5c442a6) Importer(2089858483,b0f066a214c2f5e87bad3c948f4d605d) (ScriptedImporter) -> (artifact id: '507ed0eeddc45b06f52e897412f07234') in 0.0056106 seconds
Number of updated asset objects reloaded before import = 0Number of asset objects unloaded after import = 1

========================================================================
Received Import Request.
  Time since last request: 0.000211 seconds.
  path: Assets/Audio/[SFX] Taking a Shower Sound Effect.mp3
  artifactKey: Guid(489f9eb4df9d6c44a97cec7dcaab8b97) Importer(2089858483,b0f066a214c2f5e87bad3c948f4d605d)
Start importing Assets/Audio/[SFX] Taking a Shower Sound Effect.mp3 using Guid(489f9eb4df9d6c44a97cec7dcaab8b97) Importer(2089858483,b0f066a214c2f5e87bad3c948f4d605d) (ScriptedImporter) -> (artifact id: '8cb5725e49cbd39e6366920f74138da8') in 0.0946488 seconds
Number of updated asset objects reloaded before import = 0Number of asset objects unloaded after import = 1

========================================================================
Received Import Request.
  Time since last request: 0.000159 seconds.
  path: Assets/Audio/[SFX] TOP10 GLITCH Sound Effect [High Quality].mp3
  artifactKey: Guid(6ac7e89d40112e040bca065438ff4027) Importer(2089858483,b0f066a214c2f5e87bad3c948f4d605d)
Start importing Assets/Audio/[SFX] TOP10 GLITCH Sound Effect [High Quality].mp3 using Guid(6ac7e89d40112e040bca065438ff4027) Importer(2089858483,b0f066a214c2f5e87bad3c948f4d605d) (ScriptedImporter) -> (artifact id: 'd86f7b984b4a0655fc16d0e45fb9a7f6') in 0.059807 seconds
Number of updated asset objects reloaded before import = 0Number of asset objects unloaded after import = 1

========================================================================
Received Import Request.
  Time since last request: 0.000138 seconds.
  path: Assets/Prefabs/Blue LED.prefab
  artifactKey: Guid(ccf705dde0a13fd44be108239beae5db) Importer(2089858483,b0f066a214c2f5e87bad3c948f4d605d)
Start importing Assets/Prefabs/Blue LED.prefab using Guid(ccf705dde0a13fd44be108239beae5db) Importer(2089858483,b0f066a214c2f5e87bad3c948f4d605d) (ScriptedImporter) -> (artifact id: 'b2316953c1e8e50087d60446999d3fb5') in 0.1015254 seconds
Number of updated asset objects reloaded before import = 0Number of asset objects unloaded after import = 14

========================================================================
Received Import Request.
  Time since last request: 0.000074 seconds.
  path: Assets/Sprites/connor_neutral_annoyed.png
  artifactKey: Guid(e6cef56f211d76d4c9683834a0d64e1d) Importer(2089858483,b0f066a214c2f5e87bad3c948f4d605d)
Start importing Assets/Sprites/connor_neutral_annoyed.png using Guid(e6cef56f211d76d4c9683834a0d64e1d) Importer(2089858483,b0f066a214c2f5e87bad3c948f4d605d) (ScriptedImporter) -> (artifact id: '6a20f6f2b9d675af32ff3fe0484750fa') in 0.056857 seconds
Number of updated asset objects reloaded before import = 0Number of asset objects unloaded after import = 3

========================================================================
Received Import Request.
  Time since last request: 0.000095 seconds.
  path: Assets/TextMesh Pro/Fonts/LiberationSans.ttf
  artifactKey: Guid(e3265ab4bf004d28a9537516768c1c75) Importer(2089858483,b0f066a214c2f5e87bad3c948f4d605d)
Start importing Assets/TextMesh Pro/Fonts/LiberationSans.ttf using Guid(e3265ab4bf004d28a9537516768c1c75) Importer(2089858483,b0f066a214c2f5e87bad3c948f4d605d) (ScriptedImporter) -> (artifact id: '6fad53b230bb9e45a0def7b36259677f') in 0.0219003 seconds
Number of updated asset objects reloaded before import = 0Number of asset objects unloaded after import = 3

========================================================================
Received Import Request.
  Time since last request: 0.000029 seconds.
  path: Assets/UI/MacOSBox.png
  artifactKey: Guid(f74fe9befac09f04c80591ec161df381) Importer(2089858483,b0f066a214c2f5e87bad3c948f4d605d)
Start importing Assets/UI/MacOSBox.png using Guid(f74fe9befac09f04c80591ec161df381) Importer(2089858483,b0f066a214c2f5e87bad3c948f4d605d) (ScriptedImporter) -> (artifact id: 'a760da97fe2bea19c135464a866713d7') in 0.0200209 seconds
Number of updated asset objects reloaded before import = 0Number of asset objects unloaded after import = 3

========================================================================
Received Import Request.
  Time since last request: 0.000108 seconds.
  path: Assets/UI/Item Buttons/Bookshelf.png
  artifactKey: Guid(61d784459d25aa14f8e226b800fd618b) Importer(2089858483,b0f066a214c2f5e87bad3c948f4d605d)
Start importing Assets/UI/Item Buttons/Bookshelf.png using Guid(61d784459d25aa14f8e226b800fd618b) Importer(2089858483,b0f066a214c2f5e87bad3c948f4d605d) (ScriptedImporter) -> (artifact id: '21123d20d9a8152398fcde8a16592647') in 0.0163085 seconds
Number of updated asset objects reloaded before import = 0Number of asset objects unloaded after import = 3

========================================================================
Received Import Request.
  Time since last request: 0.000030 seconds.
  path: Assets/UI/MacOKBtn.png
  artifactKey: Guid(d011e3cae491ce44398c5241e22b14e1) Importer(2089858483,b0f066a214c2f5e87bad3c948f4d605d)
Start importing Assets/UI/MacOKBtn.png using Guid(d011e3cae491ce44398c5241e22b14e1) Importer(2089858483,b0f066a214c2f5e87bad3c948f4d605d) (ScriptedImporter) -> (artifact id: '021cdd2df8a5e4c1d67eaf4b6c6210be') in 0.0218292 seconds
Number of updated asset objects reloaded before import = 0Number of asset objects unloaded after import = 3

========================================================================
Received Import Request.
  Time since last request: 0.000036 seconds.
  path: Assets/UI/Item Buttons/BedHover.png
  artifactKey: Guid(194631ab8f5388b4696f857978b000a1) Importer(2089858483,b0f066a214c2f5e87bad3c948f4d605d)
Start importing Assets/UI/Item Buttons/BedHover.png using Guid(194631ab8f5388b4696f857978b000a1) Importer(2089858483,b0f066a214c2f5e87bad3c948f4d605d) (ScriptedImporter) -> (artifact id: '7a865c6b94ee9b3df0c940f893972ce2') in 0.0180151 seconds
Number of updated asset objects reloaded before import = 0Number of asset objects unloaded after import = 3

========================================================================
Received Import Request.
  Time since last request: 0.000032 seconds.
  path: Assets/UI/Item Buttons/BathSinkMirror.png
  artifactKey: Guid(5eaab4560c78d22489db08ee2ce20e97) Importer(2089858483,b0f066a214c2f5e87bad3c948f4d605d)
Start importing Assets/UI/Item Buttons/BathSinkMirror.png using Guid(5eaab4560c78d22489db08ee2ce20e97) Importer(2089858483,b0f066a214c2f5e87bad3c948f4d605d) (ScriptedImporter) -> (artifact id: '8c95a491596f1c0dcff5a22deb28cd11') in 0.0182058 seconds
Number of updated asset objects reloaded before import = 0Number of asset objects unloaded after import = 3

========================================================================
Received Import Request.
  Time since last request: 0.000027 seconds.
  path: Assets/UI/LivingRoomBtnHover.png
  artifactKey: Guid(7687a87f18d1e9b46b29f09072365929) Importer(2089858483,b0f066a214c2f5e87bad3c948f4d605d)
Start importing Assets/UI/LivingRoomBtnHover.png using Guid(7687a87f18d1e9b46b29f09072365929) Importer(2089858483,b0f066a214c2f5e87bad3c948f4d605d) (ScriptedImporter) -> (artifact id: '851407a6306f0af8fdb4a558be0db234') in 0.0159669 seconds
Number of updated asset objects reloaded before import = 0Number of asset objects unloaded after import = 3

========================================================================
Received Import Request.
  Time since last request: 0.000038 seconds.
  path: Assets/UI/Item Buttons/Bathtub.png
  artifactKey: Guid(6abd6db0d607c2d4c89c9cd20af76a50) Importer(2089858483,b0f066a214c2f5e87bad3c948f4d605d)
Start importing Assets/UI/Item Buttons/Bathtub.png using Guid(6abd6db0d607c2d4c89c9cd20af76a50) Importer(2089858483,b0f066a214c2f5e87bad3c948f4d605d) (ScriptedImporter) -> (artifact id: '6161e424cc7388cc58f6661ed62fcf2c') in 0.0193139 seconds
Number of updated asset objects reloaded before import = 0Number of asset objects unloaded after import = 3

========================================================================
Received Import Request.
  Time since last request: 0.000046 seconds.
  path: Assets/UI/MoveButton.png
  artifactKey: Guid(fae22f19b4835ae46872b6f38ec127d9) Importer(2089858483,b0f066a214c2f5e87bad3c948f4d605d)
Start importing Assets/UI/MoveButton.png using Guid(fae22f19b4835ae46872b6f38ec127d9) Importer(2089858483,b0f066a214c2f5e87bad3c948f4d605d) (ScriptedImporter) -> (artifact id: '0750aa7dde898e3ecf7aa27291eab345') in 0.0165825 seconds
Number of updated asset objects reloaded before import = 0Number of asset objects unloaded after import = 3

========================================================================
Received Import Request.
  Time since last request: 0.000049 seconds.
  path: Assets/Backgrounds/PostItBG.png
  artifactKey: Guid(ea853898c13b75c4bbd088b3530a131f) Importer(2089858483,b0f066a214c2f5e87bad3c948f4d605d)
Start importing Assets/Backgrounds/PostItBG.png using Guid(ea853898c13b75c4bbd088b3530a131f) Importer(2089858483,b0f066a214c2f5e87bad3c948f4d605d) (ScriptedImporter) -> (artifact id: '10a6af57b2c15589105be24fb872d95a') in 0.0159222 seconds
Number of updated asset objects reloaded before import = 0Number of asset objects unloaded after import = 3

========================================================================
Received Import Request.
  Time since last request: 0.000029 seconds.
  path: Assets/UI/LEDRingGlitch.png
  artifactKey: Guid(0aab89f81af84da4da6efd65fd148149) Importer(2089858483,b0f066a214c2f5e87bad3c948f4d605d)
Start importing Assets/UI/LEDRingGlitch.png using Guid(0aab89f81af84da4da6efd65fd148149) Importer(2089858483,b0f066a214c2f5e87bad3c948f4d605d) (ScriptedImporter) -> (artifact id: '737a8d6e3f545c5ea6cfc512e9d9fdcd') in 0.0147645 seconds
Number of updated asset objects reloaded before import = 0Number of asset objects unloaded after import = 3

========================================================================
Received Import Request.
  Time since last request: 0.000027 seconds.
  path: Assets/Scripts/RedBlueGames/ShakeLibrary.cs
  artifactKey: Guid(ba2e9d71a7a34214b9a0d7d4f0101665) Importer(2089858483,b0f066a214c2f5e87bad3c948f4d605d)
Start importing Assets/Scripts/RedBlueGames/ShakeLibrary.cs using Guid(ba2e9d71a7a34214b9a0d7d4f0101665) Importer(2089858483,b0f066a214c2f5e87bad3c948f4d605d) (ScriptedImporter) -> (artifact id: '7080097937e67074af158558c55933fa') in 0.0050392 seconds
Number of updated asset objects reloaded before import = 0Number of asset objects unloaded after import = 0

========================================================================
Received Import Request.
  Time since last request: 0.000239 seconds.
  path: Assets/Scripts/Dialogue.cs
  artifactKey: Guid(4fd08d10aada1c44fa9c7ba943ff2ab0) Importer(2089858483,b0f066a214c2f5e87bad3c948f4d605d)
Start importing Assets/Scripts/Dialogue.cs using Guid(4fd08d10aada1c44fa9c7ba943ff2ab0) Importer(2089858483,b0f066a214c2f5e87bad3c948f4d605d) (ScriptedImporter) -> (artifact id: '521c3710aefa238dd907803537f0562b') in 0.0040114 seconds
Number of updated asset objects reloaded before import = 0Number of asset objects unloaded after import = 0

========================================================================
Received Import Request.
  Time since last request: 0.000157 seconds.
  path: Assets/Scripts/WallpaperChange.cs
  artifactKey: Guid(eeb25946729edfa4a893d91af56b2559) Importer(2089858483,b0f066a214c2f5e87bad3c948f4d605d)
Start importing Assets/Scripts/WallpaperChange.cs using Guid(eeb25946729edfa4a893d91af56b2559) Importer(2089858483,b0f066a214c2f5e87bad3c948f4d605d) (ScriptedImporter) -> (artifact id: '668202ef2aba7b5b080e8e30019cf4b2') in 0.0049082 seconds
Number of updated asset objects reloaded before import = 0Number of asset objects unloaded after import = 0

========================================================================
Received Import Request.
  Time since last request: 0.000201 seconds.
  path: Assets/Scripts/ChoiceButton.cs
  artifactKey: Guid(0576cdeb13ee34943aee9aa59fb33198) Importer(2089858483,b0f066a214c2f5e87bad3c948f4d605d)
Start importing Assets/Scripts/ChoiceButton.cs using Guid(0576cdeb13ee34943aee9aa59fb33198) Importer(2089858483,b0f066a214c2f5e87bad3c948f4d605d) (ScriptedImporter) -> (artifact id: 'c7d54a3a6fa1ce959dccc05f3d0ef5e4') in 0.0042968 seconds
Number of updated asset objects reloaded before import = 0Number of asset objects unloaded after import = 0

========================================================================
Received Import Request.
  Time since last request: 0.000126 seconds.
  path: Assets/UI/Item Buttons/BedsideTableHover.png
  artifactKey: Guid(89b1a7aeac0863746935103b6d2f7c2b) Importer(2089858483,b0f066a214c2f5e87bad3c948f4d605d)
Start importing Assets/UI/Item Buttons/BedsideTableHover.png using Guid(89b1a7aeac0863746935103b6d2f7c2b) Importer(2089858483,b0f066a214c2f5e87bad3c948f4d605d) (ScriptedImporter) -> (artifact id: 'd0883b3ed46c6872b105b94a5e454730') in 0.0156531 seconds
Number of updated asset objects reloaded before import = 0Number of asset objects unloaded after import = 3

========================================================================
Received Import Request.
  Time since last request: 0.000125 seconds.
  path: Assets/TextMesh Pro/Sprites/EmojiOne Attribution.txt
  artifactKey: Guid(381dcb09d5029d14897e55f98031fca5) Importer(2089858483,b0f066a214c2f5e87bad3c948f4d605d)
Start importing Assets/TextMesh Pro/Sprites/EmojiOne Attribution.txt using Guid(381dcb09d5029d14897e55f98031fca5) Importer(2089858483,b0f066a214c2f5e87bad3c948f4d605d) (ScriptedImporter) -> (artifact id: 'bf424f9c8aff0490cac8b0179f4ef7d3') in 0.0058187 seconds
Number of updated asset objects reloaded before import = 0Number of asset objects unloaded after import = 1

========================================================================
Received Import Request.
  Time since last request: 0.000225 seconds.
  path: Assets/Scripts/GameFlags.cs
  artifactKey: Guid(1add3f08bc03da34d9861b02e3c69262) Importer(2089858483,b0f066a214c2f5e87bad3c948f4d605d)
Start importing Assets/Scripts/GameFlags.cs using Guid(1add3f08bc03da34d9861b02e3c69262) Importer(2089858483,b0f066a214c2f5e87bad3c948f4d605d) (ScriptedImporter) -> (artifact id: '1abbc6aafd6f164b1cd09b56997187d0') in 0.0048379 seconds
Number of updated asset objects reloaded before import = 0Number of asset objects unloaded after import = 0

========================================================================
Received Import Request.
  Time since last request: 0.000295 seconds.
  path: Assets/Resources/Act1Ending.xml
  artifactKey: Guid(21b32ee2151b80c4a98127e63aa431df) Importer(2089858483,b0f066a214c2f5e87bad3c948f4d605d)
Start importing Assets/Resources/Act1Ending.xml using Guid(21b32ee2151b80c4a98127e63aa431df) Importer(2089858483,b0f066a214c2f5e87bad3c948f4d605d) (ScriptedImporter) -> (artifact id: '152176b91608a55b817239561cd0c086') in 0.0056776 seconds
Number of updated asset objects reloaded before import = 0Number of asset objects unloaded after import = 1

========================================================================
Received Import Request.
  Time since last request: 0.000181 seconds.
  path: Assets/Scripts/RedBlueGames/RichTextTag.cs
  artifactKey: Guid(efa97b1b335fd7146845b125c871e2b9) Importer(2089858483,b0f066a214c2f5e87bad3c948f4d605d)
Start importing Assets/Scripts/RedBlueGames/RichTextTag.cs using Guid(efa97b1b335fd7146845b125c871e2b9) Importer(2089858483,b0f066a214c2f5e87bad3c948f4d605d) (ScriptedImporter) -> (artifact id: '5df989613325c8d64fde9fa401fa3de7') in 0.0046257 seconds
Number of updated asset objects reloaded before import = 0Number of asset objects unloaded after import = 0

========================================================================
Received Import Request.
  Time since last request: 0.000302 seconds.
  path: Assets/UI/DialogueBoxBG.png
  artifactKey: Guid(010195076f8155e45bb062bf8b381b25) Importer(2089858483,b0f066a214c2f5e87bad3c948f4d605d)
Start importing Assets/UI/DialogueBoxBG.png using Guid(010195076f8155e45bb062bf8b381b25) Importer(2089858483,b0f066a214c2f5e87bad3c948f4d605d) (ScriptedImporter) -> (artifact id: 'a6bd7f3b2016f11336397103ca207813') in 0.0165767 seconds
Number of updated asset objects reloaded before import = 0Number of asset objects unloaded after import = 3

========================================================================
Received Import Request.
  Time since last request: 0.000068 seconds.
  path: Assets/Scripts/MacOSEvents.cs
  artifactKey: Guid(5df22a67b3a4c57469b9f6b18b83c4ec) Importer(2089858483,b0f066a214c2f5e87bad3c948f4d605d)
Start importing Assets/Scripts/MacOSEvents.cs using Guid(5df22a67b3a4c57469b9f6b18b83c4ec) Importer(2089858483,b0f066a214c2f5e87bad3c948f4d605d) (ScriptedImporter) -> (artifact id: 'a76a2552ad6046ee170f538bee222850') in 0.0044108 seconds
Number of updated asset objects reloaded before import = 0Number of asset objects unloaded after import = 0

========================================================================
Received Import Request.
  Time since last request: 0.000108 seconds.
  path: Assets/Backgrounds/LivingRoomBG.jpg
  artifactKey: Guid(7993b4570a0884342882d7a784ad8a06) Importer(2089858483,b0f066a214c2f5e87bad3c948f4d605d)
Start importing Assets/Backgrounds/LivingRoomBG.jpg using Guid(7993b4570a0884342882d7a784ad8a06) Importer(2089858483,b0f066a214c2f5e87bad3c948f4d605d) (ScriptedImporter) -> (artifact id: 'ab531792267f3d7dfc8a1ac820209c3b') in 0.0158899 seconds
Number of updated asset objects reloaded before import = 0Number of asset objects unloaded after import = 3

========================================================================
Received Import Request.
  Time since last request: 0.000086 seconds.
  path: Assets/Scripts/RedBlueGames/TextAnimation.cs
  artifactKey: Guid(c7d5894b0b9460d4ca370d8510ce2954) Importer(2089858483,b0f066a214c2f5e87bad3c948f4d605d)
Start importing Assets/Scripts/RedBlueGames/TextAnimation.cs using Guid(c7d5894b0b9460d4ca370d8510ce2954) Importer(2089858483,b0f066a214c2f5e87bad3c948f4d605d) (ScriptedImporter) -> (artifact id: '7294355b790b1218e54fbc20859a2f9d') in 0.0052912 seconds
Number of updated asset objects reloaded before import = 0Number of asset objects unloaded after import = 0

========================================================================
Received Import Request.
  Time since last request: 0.000197 seconds.
  path: Assets/Audio/[SFX] Generic Soccer Goal Commentary sound clips.mp3
  artifactKey: Guid(23ce38b266fe26d49baa0d80c7e1a33f) Importer(2089858483,b0f066a214c2f5e87bad3c948f4d605d)
Start importing Assets/Audio/[SFX] Generic Soccer Goal Commentary sound clips.mp3 using Guid(23ce38b266fe26d49baa0d80c7e1a33f) Importer(2089858483,b0f066a214c2f5e87bad3c948f4d605d) (ScriptedImporter) -> (artifact id: 'afa0691fa496bc9cdd62b34a2e4258bc') in 0.1762459 seconds
Number of updated asset objects reloaded before import = 0Number of asset objects unloaded after import = 1

========================================================================
Received Import Request.
  Time since last request: 0.000176 seconds.
  path: Assets/Scripts/DialogueManager.cs
  artifactKey: Guid(150f545fc8b1c1846b23e31285b9c219) Importer(2089858483,b0f066a214c2f5e87bad3c948f4d605d)
Start importing Assets/Scripts/DialogueManager.cs using Guid(150f545fc8b1c1846b23e31285b9c219) Importer(2089858483,b0f066a214c2f5e87bad3c948f4d605d) (ScriptedImporter) -> (artifact id: '4c765b136d9979669034b50cee279d88') in 0.0072716 seconds
Number of updated asset objects reloaded before import = 0Number of asset objects unloaded after import = 0

========================================================================
Received Import Request.
  Time since last request: 0.000338 seconds.
  path: Assets/Scripts/ObjectFloat.cs
  artifactKey: Guid(dac72acc7f045f047ba268a057e3c7ad) Importer(2089858483,b0f066a214c2f5e87bad3c948f4d605d)
Start importing Assets/Scripts/ObjectFloat.cs using Guid(dac72acc7f045f047ba268a057e3c7ad) Importer(2089858483,b0f066a214c2f5e87bad3c948f4d605d) (ScriptedImporter) -> (artifact id: '0dcf73f3ac7e53bce5c11430b8cd2297') in 0.0059912 seconds
Number of updated asset objects reloaded before import = 0Number of asset objects unloaded after import = 0

========================================================================
Received Import Request.
  Time since last request: 0.000177 seconds.
  path: Assets/TextMesh Pro/Resources/Fonts & Materials/LiberationSans SDF - Fallback.asset
  artifactKey: Guid(2e498d1c8094910479dc3e1b768306a4) Importer(2089858483,b0f066a214c2f5e87bad3c948f4d605d)
Start importing Assets/TextMesh Pro/Resources/Fonts & Materials/LiberationSans SDF - Fallback.asset using Guid(2e498d1c8094910479dc3e1b768306a4) Importer(2089858483,b0f066a214c2f5e87bad3c948f4d605d) (ScriptedImporter) -> (artifact id: '73b74d0be71d96964d1570f0608d57d5') in 0.0476989 seconds
Number of updated asset objects reloaded before import = 0Number of asset objects unloaded after import = 5

========================================================================
Received Import Request.
  Time since last request: 0.000031 seconds.
  path: Assets/UI/Item Buttons/DishwasherHover.png
  artifactKey: Guid(a9a607d7a481b314981ebe69e38f11fd) Importer(2089858483,b0f066a214c2f5e87bad3c948f4d605d)
Start importing Assets/UI/Item Buttons/DishwasherHover.png using Guid(a9a607d7a481b314981ebe69e38f11fd) Importer(2089858483,b0f066a214c2f5e87bad3c948f4d605d) (ScriptedImporter) -> (artifact id: 'f657ca9d64ad0e98af1dcf9a9c94fef8') in 0.0141944 seconds
Number of updated asset objects reloaded before import = 0Number of asset objects unloaded after import = 3

========================================================================
Received Import Request.
  Time since last request: 0.000063 seconds.
  path: Assets/TextMesh Pro/Resources/Shaders/TMPro_Properties.cginc
  artifactKey: Guid(3997e2241185407d80309a82f9148466) Importer(2089858483,b0f066a214c2f5e87bad3c948f4d605d)
Start importing Assets/TextMesh Pro/Resources/Shaders/TMPro_Properties.cginc using Guid(3997e2241185407d80309a82f9148466) Importer(2089858483,b0f066a214c2f5e87bad3c948f4d605d) (ScriptedImporter) -> (artifact id: '1242e608fc00ef2891b870bc2b3a476a') in 0.003806 seconds
Number of updated asset objects reloaded before import = 0Number of asset objects unloaded after import = 1

========================================================================
Received Import Request.
  Time since last request: 0.000172 seconds.
  path: Assets/UI/Item Buttons/Cupboard.png
  artifactKey: Guid(ec4aa92797e6bf04db55b6d0f3f588be) Importer(2089858483,b0f066a214c2f5e87bad3c948f4d605d)
Start importing Assets/UI/Item Buttons/Cupboard.png using Guid(ec4aa92797e6bf04db55b6d0f3f588be) Importer(2089858483,b0f066a214c2f5e87bad3c948f4d605d) (ScriptedImporter) -> (artifact id: '48ce8a531ae4d34c570fab1d6b53a530') in 0.0169205 seconds
Number of updated asset objects reloaded before import = 0Number of asset objects unloaded after import = 3

========================================================================
Received Import Request.
  Time since last request: 0.000049 seconds.
  path: Assets/UI/Item Buttons/Television.png
  artifactKey: Guid(0ef9d7162bddffe44915bc622874cb3a) Importer(2089858483,b0f066a214c2f5e87bad3c948f4d605d)
Start importing Assets/UI/Item Buttons/Television.png using Guid(0ef9d7162bddffe44915bc622874cb3a) Importer(2089858483,b0f066a214c2f5e87bad3c948f4d605d) (ScriptedImporter) -> (artifact id: '280926cda1c06187aa3eba77f09199b3') in 0.0203664 seconds
Number of updated asset objects reloaded before import = 0Number of asset objects unloaded after import = 3

========================================================================
Received Import Request.
  Time since last request: 0.000027 seconds.
  path: Assets/UI/Item Buttons/RecordPlayerHover.png
  artifactKey: Guid(c28f48b4b09bf114099eb00008e57c05) Importer(2089858483,b0f066a214c2f5e87bad3c948f4d605d)
Start importing Assets/UI/Item Buttons/RecordPlayerHover.png using Guid(c28f48b4b09bf114099eb00008e57c05) Importer(2089858483,b0f066a214c2f5e87bad3c948f4d605d) (ScriptedImporter) -> (artifact id: '81715725e5e9cdc5ddba9beecb39d2c4') in 0.0181949 seconds
Number of updated asset objects reloaded before import = 0Number of asset objects unloaded after import = 3

========================================================================
Received Import Request.
  Time since last request: 0.000044 seconds.
  path: Assets/TextMesh Pro/Resources/Fonts & Materials/LiberationSans SDF.asset
  artifactKey: Guid(8f586378b4e144a9851e7b34d9b748ee) Importer(2089858483,b0f066a214c2f5e87bad3c948f4d605d)
Start importing Assets/TextMesh Pro/Resources/Fonts & Materials/LiberationSans SDF.asset using Guid(8f586378b4e144a9851e7b34d9b748ee) Importer(2089858483,b0f066a214c2f5e87bad3c948f4d605d) (ScriptedImporter) -> (artifact id: '84e536707d1fd9d247f522faa868126a') in 0.0619948 seconds
Number of updated asset objects reloaded before import = 0Number of asset objects unloaded after import = 8

========================================================================
Received Import Request.
  Time since last request: 0.000036 seconds.
  path: Assets/UI/Item Buttons/KitchenTable.png
  artifactKey: Guid(896461671dbac96429915559dc532f4e) Importer(2089858483,b0f066a214c2f5e87bad3c948f4d605d)
Start importing Assets/UI/Item Buttons/KitchenTable.png using Guid(896461671dbac96429915559dc532f4e) Importer(2089858483,b0f066a214c2f5e87bad3c948f4d605d) (ScriptedImporter) -> (artifact id: '0f6b9205a0b554055eacafbf30a2e467') in 0.0259037 seconds
Number of updated asset objects reloaded before import = 0Number of asset objects unloaded after import = 3

========================================================================
Received Import Request.
  Time since last request: 0.000140 seconds.
  path: Assets/UI/Item Buttons/LaundryBasket.png
  artifactKey: Guid(9a664d017f43b714ea8c64fb51709e56) Importer(2089858483,b0f066a214c2f5e87bad3c948f4d605d)
Start importing Assets/UI/Item Buttons/LaundryBasket.png using Guid(9a664d017f43b714ea8c64fb51709e56) Importer(2089858483,b0f066a214c2f5e87bad3c948f4d605d) (ScriptedImporter) -> (artifact id: '0e8104ee85d45c81343786433fc65786') in 0.0159908 seconds
Number of updated asset objects reloaded before import = 0Number of asset objects unloaded after import = 3

========================================================================
Received Import Request.
  Time since last request: 0.000055 seconds.
  path: Assets/Audio/[SFX] Plates Movements (Sound Effect).mp3
  artifactKey: Guid(489bfb45a2b654b4abfe9d22cf02d61f) Importer(2089858483,b0f066a214c2f5e87bad3c948f4d605d)
Start importing Assets/Audio/[SFX] Plates Movements (Sound Effect).mp3 using Guid(489bfb45a2b654b4abfe9d22cf02d61f) Importer(2089858483,b0f066a214c2f5e87bad3c948f4d605d) (ScriptedImporter) -> (artifact id: 'd215d8244a5c0a2d4eba8488839f1c5d') in 0.0659633 seconds
Number of updated asset objects reloaded before import = 0Number of asset objects unloaded after import = 1

========================================================================
Received Import Request.
  Time since last request: 0.000103 seconds.
  path: Assets/UI/ChoiceBtn.png
  artifactKey: Guid(2c48c5eba2267534e8aa560431cd5815) Importer(2089858483,b0f066a214c2f5e87bad3c948f4d605d)
Start importing Assets/UI/ChoiceBtn.png using Guid(2c48c5eba2267534e8aa560431cd5815) Importer(2089858483,b0f066a214c2f5e87bad3c948f4d605d) (ScriptedImporter) -> (artifact id: 'eae41e4c70e93b807a709d03a4304a01') in 0.0146781 seconds
Number of updated asset objects reloaded before import = 0Number of asset objects unloaded after import = 3

========================================================================
Received Import Request.
  Time since last request: 0.000063 seconds.
  path: Assets/Scripts/ItemSelect.cs
  artifactKey: Guid(ddda325746775464bb5a130a9aa6e1b0) Importer(2089858483,b0f066a214c2f5e87bad3c948f4d605d)
Start importing Assets/Scripts/ItemSelect.cs using Guid(ddda325746775464bb5a130a9aa6e1b0) Importer(2089858483,b0f066a214c2f5e87bad3c948f4d605d) (ScriptedImporter) -> (artifact id: '3f49956c2f8f07c896b47c4e576b5dcd') in 0.0046499 seconds
Number of updated asset objects reloaded before import = 0Number of asset objects unloaded after import = 0

========================================================================
Received Import Request.
  Time since last request: 0.000246 seconds.
  path: Assets/Scripts/LoadingRing.cs
  artifactKey: Guid(053a7674d036d48419f19612708aae40) Importer(2089858483,b0f066a214c2f5e87bad3c948f4d605d)
Start importing Assets/Scripts/LoadingRing.cs using Guid(053a7674d036d48419f19612708aae40) Importer(2089858483,b0f066a214c2f5e87bad3c948f4d605d) (ScriptedImporter) -> (artifact id: '714caa2f1fb8766e7cf8e6bdaf803f5c') in 0.005104 seconds
Number of updated asset objects reloaded before import = 0Number of asset objects unloaded after import = 0

========================================================================
Received Import Request.
  Time since last request: 0.000233 seconds.
  path: Assets/Sprites/connor_coin_fond.png
  artifactKey: Guid(a6da42c93662d674a8ddde85f6542adf) Importer(2089858483,b0f066a214c2f5e87bad3c948f4d605d)
Start importing Assets/Sprites/connor_coin_fond.png using Guid(a6da42c93662d674a8ddde85f6542adf) Importer(2089858483,b0f066a214c2f5e87bad3c948f4d605d) (ScriptedImporter) -> (artifact id: '3a2f783bc74ac94da85f05d3cf4dabbf') in 0.0217534 seconds
Number of updated asset objects reloaded before import = 0Number of asset objects unloaded after import = 3

========================================================================
Received Import Request.
  Time since last request: 0.000028 seconds.
  path: Assets/Audio/[SFX] Drawer Slide Close-SoundBible.com-35853910.mp3
  artifactKey: Guid(4db93781b9937c542bd3efe170a1a33b) Importer(2089858483,b0f066a214c2f5e87bad3c948f4d605d)
Start importing Assets/Audio/[SFX] Drawer Slide Close-SoundBible.com-35853910.mp3 using Guid(4db93781b9937c542bd3efe170a1a33b) Importer(2089858483,b0f066a214c2f5e87bad3c948f4d605d) (ScriptedImporter) -> (artifact id: '2170eb2f2380f633d566805cb370980f') in 0.0600957 seconds
Number of updated asset objects reloaded before import = 0Number of asset objects unloaded after import = 1

========================================================================
Received Import Request.
  Time since last request: 0.000309 seconds.
  path: Assets/TextMesh Pro/Resources/LineBreaking Following Characters.txt
  artifactKey: Guid(fade42e8bc714b018fac513c043d323b) Importer(2089858483,b0f066a214c2f5e87bad3c948f4d605d)
Start importing Assets/TextMesh Pro/Resources/LineBreaking Following Characters.txt using Guid(fade42e8bc714b018fac513c043d323b) Importer(2089858483,b0f066a214c2f5e87bad3c948f4d605d) (ScriptedImporter) -> (artifact id: 'fc7477985cd89771d37810cf32dc53ff') in 0.0053975 seconds
Number of updated asset objects reloaded before import = 0Number of asset objects unloaded after import = 1

========================================================================
Received Import Request.
  Time since last request: 0.000238 seconds.
  path: Assets/Prefabs/LoadingText.prefab
  artifactKey: Guid(b60d2481f9bc34c41a5c3d88baaf1ce1) Importer(2089858483,b0f066a214c2f5e87bad3c948f4d605d)
Start importing Assets/Prefabs/LoadingText.prefab using Guid(b60d2481f9bc34c41a5c3d88baaf1ce1) Importer(2089858483,b0f066a214c2f5e87bad3c948f4d605d) (ScriptedImporter) -> (artifact id: '45b88a9b491c37a8609d65cb1f4211a3') in 0.0248385 seconds
Number of updated asset objects reloaded before import = 0Number of asset objects unloaded after import = 8

========================================================================
Received Import Request.
  Time since last request: 0.000037 seconds.
  path: Assets/UI/Item Buttons/SumoHover.png
  artifactKey: Guid(2c8244f122991c343af8cdd1fdb4901c) Importer(2089858483,b0f066a214c2f5e87bad3c948f4d605d)
Start importing Assets/UI/Item Buttons/SumoHover.png using Guid(2c8244f122991c343af8cdd1fdb4901c) Importer(2089858483,b0f066a214c2f5e87bad3c948f4d605d) (ScriptedImporter) -> (artifact id: 'ed8360870e996d54040a58126462fb08') in 0.0167891 seconds
Number of updated asset objects reloaded before import = 0Number of asset objects unloaded after import = 3

========================================================================
Received Import Request.
  Time since last request: 0.000068 seconds.
  path: Assets/UI/Item Buttons/RecordPlayerSelect.png
  artifactKey: Guid(33cbecb7247a1b34f9e4be6a944b6d8c) Importer(2089858483,b0f066a214c2f5e87bad3c948f4d605d)
Start importing Assets/UI/Item Buttons/RecordPlayerSelect.png using Guid(33cbecb7247a1b34f9e4be6a944b6d8c) Importer(2089858483,b0f066a214c2f5e87bad3c948f4d605d) (ScriptedImporter) -> (artifact id: 'e107e2cb5c752b3b53a0875976afbe4d') in 0.0185577 seconds
Number of updated asset objects reloaded before import = 0Number of asset objects unloaded after import = 3

========================================================================
Received Import Request.
  Time since last request: 0.000032 seconds.
  path: Assets/UI/Item Buttons/MagazineSelect.png
  artifactKey: Guid(d740096135b1eb44f955e919f392c18d) Importer(2089858483,b0f066a214c2f5e87bad3c948f4d605d)
Start importing Assets/UI/Item Buttons/MagazineSelect.png using Guid(d740096135b1eb44f955e919f392c18d) Importer(2089858483,b0f066a214c2f5e87bad3c948f4d605d) (ScriptedImporter) -> (artifact id: '40212e97b9ed67745cb5f9ddd1444429') in 0.0150998 seconds
Number of updated asset objects reloaded before import = 0Number of asset objects unloaded after import = 3

========================================================================
Received Import Request.
  Time since last request: 0.000036 seconds.
  path: Assets/TextMesh Pro/Resources/Shaders/TMP_SDF-Mobile Overlay.shader
  artifactKey: Guid(a02a7d8c237544f1962732b55a9aebf1) Importer(2089858483,b0f066a214c2f5e87bad3c948f4d605d)
Start importing Assets/TextMesh Pro/Resources/Shaders/TMP_SDF-Mobile Overlay.shader using Guid(a02a7d8c237544f1962732b55a9aebf1) Importer(2089858483,b0f066a214c2f5e87bad3c948f4d605d) (ScriptedImporter) -> (artifact id: 'b3d803b1668a601e4ae7234052d92637') in 0.0177717 seconds
Number of updated asset objects reloaded before import = 0Number of asset objects unloaded after import = 1

========================================================================
Received Import Request.
  Time since last request: 0.000148 seconds.
  path: Assets/UI/Item Buttons/WindowHover.png
  artifactKey: Guid(53fce5786a8710640aebd188f1b2d06f) Importer(2089858483,b0f066a214c2f5e87bad3c948f4d605d)
Start importing Assets/UI/Item Buttons/WindowHover.png using Guid(53fce5786a8710640aebd188f1b2d06f) Importer(2089858483,b0f066a214c2f5e87bad3c948f4d605d) (ScriptedImporter) -> (artifact id: '80570509c328c93ec793a560748699f8') in 0.0166125 seconds
Number of updated asset objects reloaded before import = 0Number of asset objects unloaded after import = 3

========================================================================
Received Import Request.
  Time since last request: 0.000038 seconds.
  path: Assets/UI/Item Buttons/Window.png
  artifactKey: Guid(8668d5573d6b53e45a85785f7b71729f) Importer(2089858483,b0f066a214c2f5e87bad3c948f4d605d)
Start importing Assets/UI/Item Buttons/Window.png using Guid(8668d5573d6b53e45a85785f7b71729f) Importer(2089858483,b0f066a214c2f5e87bad3c948f4d605d) (ScriptedImporter) -> (artifact id: 'f5b26ebeac6836bc808e84fb7e57c975') in 0.018392 seconds
Number of updated asset objects reloaded before import = 0Number of asset objects unloaded after import = 3

========================================================================
Received Import Request.
  Time since last request: 0.000033 seconds.
  path: Assets/TextMesh Pro/Resources/Style Sheets/Default Style Sheet.asset
  artifactKey: Guid(f952c082cb03451daed3ee968ac6c63e) Importer(2089858483,b0f066a214c2f5e87bad3c948f4d605d)
Start importing Assets/TextMesh Pro/Resources/Style Sheets/Default Style Sheet.asset using Guid(f952c082cb03451daed3ee968ac6c63e) Importer(2089858483,b0f066a214c2f5e87bad3c948f4d605d) (ScriptedImporter) -> (artifact id: '4147e1f63e8fda48ebbf3333369668b0') in 0.0090133 seconds
Number of updated asset objects reloaded before import = 0Number of asset objects unloaded after import = 1

========================================================================
Received Import Request.
  Time since last request: 0.000252 seconds.
  path: Assets/UI/Item Buttons/Sumo.png
  artifactKey: Guid(1547a3f78af706244b0fda077338acde) Importer(2089858483,b0f066a214c2f5e87bad3c948f4d605d)
Start importing Assets/UI/Item Buttons/Sumo.png using Guid(1547a3f78af706244b0fda077338acde) Importer(2089858483,b0f066a214c2f5e87bad3c948f4d605d) (ScriptedImporter) -> (artifact id: '3730c0a70be5d9c9c867abb20722673e') in 0.0186246 seconds
Number of updated asset objects reloaded before import = 0Number of asset objects unloaded after import = 3

========================================================================
Received Import Request.
  Time since last request: 0.000029 seconds.
  path: Assets/UI/Item Buttons/WindowSelect.png
  artifactKey: Guid(aaaba094f49451f4b81805948c7a8cc3) Importer(2089858483,b0f066a214c2f5e87bad3c948f4d605d)
Start importing Assets/UI/Item Buttons/WindowSelect.png using Guid(aaaba094f49451f4b81805948c7a8cc3) Importer(2089858483,b0f066a214c2f5e87bad3c948f4d605d) (ScriptedImporter) -> (artifact id: 'c92173a25e0fec3c972a660ef2f8d6c0') in 0.026766 seconds
Number of updated asset objects reloaded before import = 0Number of asset objects unloaded after import = 3

========================================================================
Received Import Request.
  Time since last request: 0.000042 seconds.
  path: Assets/UI/Item Buttons/DoorHover.png
  artifactKey: Guid(2bcae4ff21826af45a5b3e4c64446b58) Importer(2089858483,b0f066a214c2f5e87bad3c948f4d605d)
Start importing Assets/UI/Item Buttons/DoorHover.png using Guid(2bcae4ff21826af45a5b3e4c64446b58) Importer(2089858483,b0f066a214c2f5e87bad3c948f4d605d) (ScriptedImporter) -> (artifact id: '60af70ae53d0e6032aae4e5b70617570') in 0.0192435 seconds
Number of updated asset objects reloaded before import = 0Number of asset objects unloaded after import = 3

========================================================================
Received Import Request.
  Time since last request: 0.000035 seconds.
  path: Assets/Resources/dialogueTest.xml
  artifactKey: Guid(4d442a14b935e6e4abb9d49c696f3ef4) Importer(2089858483,b0f066a214c2f5e87bad3c948f4d605d)
Start importing Assets/Resources/dialogueTest.xml using Guid(4d442a14b935e6e4abb9d49c696f3ef4) Importer(2089858483,b0f066a214c2f5e87bad3c948f4d605d) (ScriptedImporter) -> (artifact id: '0f0820d717142b197a5fab2cb53e78ae') in 0.0058516 seconds
Number of updated asset objects reloaded before import = 0Number of asset objects unloaded after import = 1

========================================================================
Received Import Request.
  Time since last request: 0.000318 seconds.
  path: Assets/TextMesh Pro/Resources/Shaders/TMPro.cginc
  artifactKey: Guid(407bc68d299748449bbf7f48ee690f8d) Importer(2089858483,b0f066a214c2f5e87bad3c948f4d605d)
Start importing Assets/TextMesh Pro/Resources/Shaders/TMPro.cginc using Guid(407bc68d299748449bbf7f48ee690f8d) Importer(2089858483,b0f066a214c2f5e87bad3c948f4d605d) (ScriptedImporter) -> (artifact id: '42fa536a8fe9be50c9f97a7a765ad7d7') in 0.0063523 seconds
Number of updated asset objects reloaded before import = 0Number of asset objects unloaded after import = 1

========================================================================
Received Import Request.
  Time since last request: 0.000241 seconds.
  path: Assets/UI/HouseBorder.png
  artifactKey: Guid(79ce939afbc5d694580daa767d065124) Importer(2089858483,b0f066a214c2f5e87bad3c948f4d605d)
Start importing Assets/UI/HouseBorder.png using Guid(79ce939afbc5d694580daa767d065124) Importer(2089858483,b0f066a214c2f5e87bad3c948f4d605d) (ScriptedImporter) -> (artifact id: '23a834e716965311539d7f965ba7d435') in 0.0206742 seconds
Number of updated asset objects reloaded before import = 0Number of asset objects unloaded after import = 3

========================================================================
Received Import Request.
  Time since last request: 0.000042 seconds.
  path: Assets/UI/Item Buttons/KitchenTableHover.png
  artifactKey: Guid(e7331095af3620849a97ed30dbf6518e) Importer(2089858483,b0f066a214c2f5e87bad3c948f4d605d)
Start importing Assets/UI/Item Buttons/KitchenTableHover.png using Guid(e7331095af3620849a97ed30dbf6518e) Importer(2089858483,b0f066a214c2f5e87bad3c948f4d605d) (ScriptedImporter) -> (artifact id: '0943a894615cd840a8c3a74f496ec6ac') in 0.0178177 seconds
Number of updated asset objects reloaded before import = 0Number of asset objects unloaded after import = 3

========================================================================
Received Import Request.
  Time since last request: 0.000127 seconds.
  path: Assets/Audio/audio credits.txt
  artifactKey: Guid(a086cc800320f4a4d9ba03fe90a5715c) Importer(2089858483,b0f066a214c2f5e87bad3c948f4d605d)
Start importing Assets/Audio/audio credits.txt using Guid(a086cc800320f4a4d9ba03fe90a5715c) Importer(2089858483,b0f066a214c2f5e87bad3c948f4d605d) (ScriptedImporter) -> (artifact id: '8ada4d172670517b11e4c8f851f34a81') in 0.0054451 seconds
Number of updated asset objects reloaded before import = 0Number of asset objects unloaded after import = 1

========================================================================
Received Import Request.
  Time since last request: 0.000207 seconds.
  path: Assets/Scenes/Demo.unity
  artifactKey: Guid(89546fd9edcbc3249b694819a995a0db) Importer(2089858483,b0f066a214c2f5e87bad3c948f4d605d)
Start importing Assets/Scenes/Demo.unity using Guid(89546fd9edcbc3249b694819a995a0db) Importer(2089858483,b0f066a214c2f5e87bad3c948f4d605d) (ScriptedImporter) -> (artifact id: 'f451d7d383549d80afe5d965854a43e2') in 0.0323577 seconds
Number of updated asset objects reloaded before import = 0Number of asset objects unloaded after import = 1

========================================================================
Received Import Request.
  Time since last request: 0.000117 seconds.
  path: Assets/Prefabs/ItemBtn.prefab
  artifactKey: Guid(760a3bae9b0030a40ad383ab869526a4) Importer(2089858483,b0f066a214c2f5e87bad3c948f4d605d)
Start importing Assets/Prefabs/ItemBtn.prefab using Guid(760a3bae9b0030a40ad383ab869526a4) Importer(2089858483,b0f066a214c2f5e87bad3c948f4d605d) (ScriptedImporter) -> (artifact id: '96d00addef303f888cbfd717faadc3dc') in 0.0452819 seconds
Number of updated asset objects reloaded before import = 0Number of asset objects unloaded after import = 10

Editor requested this worker to shutdown with reason: Scaling down because of idle timeout
AssetImportWorker is now disconnected from the server
Process exiting
Exiting without the bug reporter. Application will terminate with return code 0