
=== Tue Feb 10 23:51:04 2026

Packages were changed.
Update Mode: updateDependencies

The following packages were added:
  com.unity.2d.sprite@1.0.0
  com.unity.2d.tilemap@1.0.0
  com.unity.ide.rider@3.0.39
  com.unity.ide.visualstudio@2.0.26
  com.unity.modules.adaptiveperformance@1.0.0
  com.unity.modules.androidjni@1.0.0
  com.unity.modules.vectorgraphics@1.0.0
  com.unity.test-framework@1.6.0
  com.unity.ugui@2.0.0
  com.unity.ai.navigation@2.0.9
  com.unity.modules.accessibility@1.0.0
  com.unity.multiplayer.center@1.0.1
The following packages were updated:
  com.unity.analytics from version 3.3.2 to 3.8.2
  com.unity.collab-proxy from version 1.2.16 to 2.11.3
  com.unity.timeline from version 1.0.0 to 1.8.10
The following packages were removed:
  com.unity.package-manager-ui@2.1.2
  com.unity.textmeshpro@2.0.1
